// Jest Snapshot v1, https://goo.gl/fbAQLP

exports[`App.test.js has the expected html structure 1`] = `
<div
  class="checkout"
>
  <progressbar-stub
    class="checkout__progress-bar"
  />
   
  <main
    class="checkout__wrapper"
  >
    <theshippingstep-stub />
     
    <thepaymentstep-stub />
     
    <thesuccessstep-stub />
  </main>
   
  <aside
    class="checkout__sidebar"
  >
    <productslist-stub />
     
    <totalsdata-stub />
  </aside>
</div>
`;
