// Jest Snapshot v1, https://goo.gl/fbAQLP

exports[`ShippingMethods.test.js has the expected html structure 1`] = `
<div>
  <h2>
    
    Shipping methods
  
  </h2>
   
  <div
    data-testid="shipping-methods"
  >
    <div
      class="input"
      data-testid="shipping-method"
    >
      <input
        data-testid="method-radiobutton-flatrate"
        data-vv-as="Shipping method"
        id="flatrate"
        name="shipping-method"
        type="radio"
        value="[object Object]"
      />
       
      <label
        for="flatrate"
      >
        <span
          class="label__text"
        >
          
          Flat Rate - Fixed
        
        </span>
         
        <span
          class="label__price"
        >
          
          $5.00
        
        </span>
      </label>
    </div>
     
    <!---->
  </div>
</div>
`;
